../Core/Src/main.c:100:5:main	16	static
../Core/Src/main.c:180:6:SystemClock_Config	72	static
../Core/Src/main.c:220:13:MX_CAN_Init	48	static
../Core/Src/main.c:269:13:MX_TIM1_Init	96	static
../Core/Src/main.c:348:13:MX_TIM2_Init	32	static
../Core/Src/main.c:393:13:MX_TIM4_Init	64	static
../Core/Src/main.c:452:13:MX_USART1_UART_Init	8	static
../Core/Src/main.c:485:13:MX_GPIO_Init	40	static
../Core/Src/main.c:511:13:setAngle	24	static
../Core/Src/main.c:516:6:genPWM	40	static
../Core/Src/main.c:522:13:decodeNumber	16	static
../Core/Src/main.c:526:16:crc8	24	static
../Core/Src/main.c:540:13:controlMode	8	static
../Core/Src/main.c:559:6:HAL_CAN_RxFifo0MsgPendingCallback	16	static
../Core/Src/main.c:566:6:HAL_TIM_PeriodElapsedCallback	16	static
../Core/Src/main.c:578:6:Error_Handler	4	static,ignoring_inline_asm
